[INFO] Scanning for projects...
[INFO] 
[INFO] ---------------------------< com.308:store >----------------------------
[INFO] Building  0.0.1-SNAPSHOT
[INFO]   from pom.xml
[INFO] --------------------------------[ jar ]---------------------------------
[INFO] 
[INFO] >>> spring-boot:3.5.12:run (default-cli) > test-compile @ store >>>
[INFO] 
[INFO] --- resources:3.3.1:resources (default-resources) @ store ---
[INFO] Copying 2 resources from src\main\resources to target\classes
[INFO] Copying 0 resource from src\main\resources to target\classes
[INFO] 
[INFO] --- compiler:3.14.1:compile (default-compile) @ store ---
[INFO] Nothing to compile - all classes are up to date.
[INFO] 
[INFO] --- resources:3.3.1:testResources (default-testResources) @ store ---
[INFO] skip non existing resourceDirectory C:\Users\syedz\OneDrive\Desktop\cs308projects\CS308-Project-G24\backend\src\test\resources
[INFO] 
[INFO] --- compiler:3.14.1:testCompile (default-testCompile) @ store ---
[INFO] Nothing to compile - all classes are up to date.
[INFO] 
[INFO] <<< spring-boot:3.5.12:run (default-cli) < test-compile @ store <<<
[INFO] 
[INFO] 
[INFO] --- spring-boot:3.5.12:run (default-cli) @ store ---
[INFO] Attaching agents: []

  .   ____          _            __ _ _
 /\\ / ___'_ __ _ _(_)_ __  __ _ \ \ \ \
( ( )\___ | '_ | '_| | '_ \/ _` | \ \ \ \
 \\/  ___)| |_)| | | | | || (_| |  ) ) ) )
  '  |____| .__|_| |_|_| |_\__, | / / / /
 =========|_|==============|___/=/_/_/_/

 :: Spring Boot ::               (v3.5.12)

2026-04-03T12:13:14.996+03:00  INFO 82260 --- [store] [  restartedMain] com._8.store.StoreApplication            : Starting StoreApplication using Java 25.0.2 with PID 82260 (C:\Users\syedz\OneDrive\Desktop\cs308projects\CS308-Project-G24\backend\target\classes started by syedz in C:\Users\syedz\OneDrive\Desktop\cs308projects\CS308-Project-G24\backend)
2026-04-03T12:13:14.997+03:00  INFO 82260 --- [store] [  restartedMain] com._8.store.StoreApplication            : The following 1 profile is active: "local"
2026-04-03T12:13:15.022+03:00  INFO 82260 --- [store] [  restartedMain] .e.DevToolsPropertyDefaultsPostProcessor : Devtools property defaults active! Set 'spring.devtools.add-properties' to 'false' to disable
2026-04-03T12:13:15.023+03:00  INFO 82260 --- [store] [  restartedMain] .e.DevToolsPropertyDefaultsPostProcessor : For additional web related logging consider setting the 'logging.level.web' property to 'DEBUG'
2026-04-03T12:13:15.441+03:00  INFO 82260 --- [store] [  restartedMain] .s.d.r.c.RepositoryConfigurationDelegate : Bootstrapping Spring Data JPA repositories in DEFAULT mode.
2026-04-03T12:13:15.481+03:00  INFO 82260 --- [store] [  restartedMain] .s.d.r.c.RepositoryConfigurationDelegate : Finished Spring Data repository scanning in 33 ms. Found 4 JPA repository interfaces.
2026-04-03T12:13:15.870+03:00  INFO 82260 --- [store] [  restartedMain] o.s.b.w.embedded.tomcat.TomcatWebServer  : Tomcat initialized with port 8080 (http)
2026-04-03T12:13:15.879+03:00  INFO 82260 --- [store] [  restartedMain] o.apache.catalina.core.StandardService   : Starting service [Tomcat]
2026-04-03T12:13:15.879+03:00  INFO 82260 --- [store] [  restartedMain] o.apache.catalina.core.StandardEngine    : Starting Servlet engine: [Apache Tomcat/10.1.52]
2026-04-03T12:13:15.907+03:00  INFO 82260 --- [store] [  restartedMain] o.a.c.c.C.[Tomcat].[localhost].[/]       : Initializing Spring embedded WebApplicationContext
2026-04-03T12:13:15.907+03:00  INFO 82260 --- [store] [  restartedMain] w.s.c.ServletWebServerApplicationContext : Root WebApplicationContext: initialization completed in 884 ms
2026-04-03T12:13:15.996+03:00  INFO 82260 --- [store] [  restartedMain] o.hibernate.jpa.internal.util.LogHelper  : HHH000204: Processing PersistenceUnitInfo [name: default]
2026-04-03T12:13:16.023+03:00  INFO 82260 --- [store] [  restartedMain] org.hibernate.Version                    : HHH000412: Hibernate ORM core version 6.6.44.Final
2026-04-03T12:13:16.043+03:00  INFO 82260 --- [store] [  restartedMain] o.h.c.internal.RegionFactoryInitiator    : HHH000026: Second-level cache disabled
2026-04-03T12:13:16.223+03:00  INFO 82260 --- [store] [  restartedMain] o.s.o.j.p.SpringPersistenceUnitInfo      : No LoadTimeWeaver setup: ignoring JPA class transformer
2026-04-03T12:13:16.241+03:00  INFO 82260 --- [store] [  restartedMain] com.zaxxer.hikari.HikariDataSource       : HikariPool-1 - Starting...
2026-04-03T12:13:16.461+03:00  INFO 82260 --- [store] [  restartedMain] com.zaxxer.hikari.pool.HikariPool        : HikariPool-1 - Added connection org.postgresql.jdbc.PgConnection@b232c9e
2026-04-03T12:13:16.462+03:00  INFO 82260 --- [store] [  restartedMain] com.zaxxer.hikari.HikariDataSource       : HikariPool-1 - Start completed.
2026-04-03T12:13:16.484+03:00  WARN 82260 --- [store] [  restartedMain] org.hibernate.orm.deprecation            : HHH90000025: PostgreSQLDialect does not need to be specified explicitly using 'hibernate.dialect' (remove the property setting and it will be selected by default)
2026-04-03T12:13:16.496+03:00  INFO 82260 --- [store] [  restartedMain] org.hibernate.orm.connections.pooling    : HHH10001005: Database info:
	Database JDBC URL [Connecting through datasource 'HikariDataSource (HikariPool-1)']
	Database driver: undefined/unknown
	Database version: 18.3
	Autocommit mode: undefined/unknown
	Isolation level: undefined/unknown
	Minimum pool size: undefined/unknown
	Maximum pool size: undefined/unknown
2026-04-03T12:13:17.254+03:00  INFO 82260 --- [store] [  restartedMain] o.h.e.t.j.p.i.JtaPlatformInitiator       : HHH000489: No JTA platform available (set 'hibernate.transaction.jta.platform' to enable JTA platform integration)
2026-04-03T12:13:17.342+03:00  INFO 82260 --- [store] [  restartedMain] j.LocalContainerEntityManagerFactoryBean : Initialized JPA EntityManagerFactory for persistence unit 'default'
2026-04-03T12:13:17.639+03:00  INFO 82260 --- [store] [  restartedMain] eAuthenticationProviderManagerConfigurer : Global AuthenticationManager configured with AuthenticationProvider bean with name authenticationProvider
2026-04-03T12:13:17.639+03:00  WARN 82260 --- [store] [  restartedMain] r$InitializeUserDetailsManagerConfigurer : Global AuthenticationManager configured with an AuthenticationProvider bean. UserDetailsService beans will not be used by Spring Security for automatically configuring username/password login. Consider removing the AuthenticationProvider bean. Alternatively, consider using the UserDetailsService in a manually instantiated DaoAuthenticationProvider. If the current configuration is intentional, to turn off this warning, increase the logging level of 'org.springframework.security.config.annotation.authentication.configuration.InitializeUserDetailsBeanManagerConfigurer' to ERROR
2026-04-03T12:13:18.064+03:00  INFO 82260 --- [store] [  restartedMain] o.s.b.d.a.OptionalLiveReloadServer       : LiveReload server is running on port 35729
2026-04-03T12:13:18.083+03:00  INFO 82260 --- [store] [  restartedMain] o.s.b.w.embedded.tomcat.TomcatWebServer  : Tomcat started on port 8080 (http) with context path '/'
2026-04-03T12:13:18.088+03:00  INFO 82260 --- [store] [  restartedMain] com._8.store.StoreApplication            : Started StoreApplication in 3.333 seconds (process running for 3.594)
Hibernate: select u1_0.id from users u1_0 where upper(u1_0.email)=upper(?) fetch first ? rows only
Hibernate: select u1_0.id from users u1_0 where upper(u1_0.email)=upper(?) fetch first ? rows only
Hibernate: select u1_0.id from users u1_0 where upper(u1_0.email)=upper(?) fetch first ? rows only
Hibernate: select count(*) from products p1_0
